[www.edx.org/index.html]
[images.ctfassets.net/ii9ehdcj88bc/24nI9FEfxhYsu4JtOI8esA/283e8add221ba5a36b9af0b595f5cd61/edx-homepage-previewd41d.jpg]
[backblue.gif]
[fade.gif]
[index.html]
[www.edx.org/images/about_us/timeline_background.png]
[www.edx.org/images/program_landing/affordable-highlight-sm.png]
[www.edx.org/images/program_landing/affordable-highlight-lg.png]
[www.edx.org/images/brand/globe-dark-sm.png]
[www.edx.org/images/brand/globe-dark-lg.png]
[www.edx.org/images/program/masters-start-with-mm-sm.png]
[www.edx.org/images/program/masters-start-with-mm-md.png]
[www.edx.org/images/program/masters-start-with-mm-lg.png]
[www.edx.org/images/backgrounds/rotated-squares.png]
[www.edx.org/static/images/product_pages/masters_banner-lg.png]
[www.edx.org/images/product_pages/pattern/stacked-lines-yellow.png]
[www.edx.org/static/images/backgrounds/bg-header-tile.png]
[www.edx.org/images/experiments/ProgramDetails/data-science/enrolling-image-lg.jpg]
[www.edx.org/images/experiments/ProgramDetails/business-management/enrolling-image-lg.jpg]
[www.edx.org/images/experiments/ProgramDetails/computer-science/enrolling-image-lg.jpg]
[www.edx.org/images/experiments/ProgramDetails/data-science/enrolling-image-xl.jpg]
[www.edx.org/images/experiments/ProgramDetails/business-management/enrolling-image-xl.jpg]
[www.edx.org/images/experiments/ProgramDetails/computer-science/enrolling-image-xl.jpg]
[www.edx.org/fonts/styles.css]
[prospect-form-plugin.2u.com/assets/embed-form-styles.css]
[www.edx.org/favicon.ico]
[www.edx.org/static/homepage-hero-lg-8b90d74faa13365dba98ab9633b9dfa6.png]
[www.edx.org/es.html]
[www.edx.org/optimizelyjs/1743970571.js]
[www.edx.org/sitemap-index.xml]
[www.edx.org/images/logos/edx-logo-elm.svg]
[www.edx.org/search.html]
[www.edx.org/search/index8c55.html]
[www.edx.org/search/indexd278.html]
[www.edx.org/schools-partners.html]
[www.edx.org/search8c55.html]
[www.edx.org/course/oxford-executive-leadership-programme1edc.html]
[www.edx.org/static/default-card-header-light-dbfa2abe7cb88482cf0403f80b07344b.png]
[www.edx.org/course/mba-essentials1edc.html]
[www.edx.org/course/higher-education-teaching-certificate1edc.html]
[www.edx.org/course/blockchain-technologies-business-innovation-and-application1edc.html]
[www.edx.org/executive-education.html]
[www.edx.org/masters/online-masters-in-public-health-boston-university88c6.html]
[www.edx.org/static/default-card-header-dark-dcbaadee952586d8df3e9d58dd4e48a7.png]
[www.edx.org/masters/online-master-business-administration-mba-bux88c6.html]
[www.edx.org/masters/online-masters-in-product-management-umd88c6.html]
[www.edx.org/masters/master-of-information-and-data-science88c6.html]
[www.edx.org/masters/unc-master-of-business-administration88c6.html]
[www.edx.org/masters.html]
[www.edx.org/bachelors/bachelor-of-science-in-data-science-and-business-analytics88c6.html]
[www.edx.org/bachelors/bachelor-of-science-in-international-relations88c6.html]
[www.edx.org/bachelors/bachelor-of-science-in-accounting-and-finance88c6.html]
[www.edx.org/bachelors/bachelor-of-science-in-economics-and-finance88c6.html]
[www.edx.org/bachelors.html]
[www.edx.org/professional-certificate/google-cloud-computing-foundations.html]
[www.edx.org/course/introduction-to-blockchain.html]
[www.edx.org/course/programming-for-everybody-getting-started-with-pyt.html]
[www.edx.org/course/google-cloud-computing-foundations-cloud-computing-fundamentals.html]
[www.edx.org/learn/computer-programming.html]
[www.edx.org/images/people/learners/learner4.png]
[www.edx.org/static/dc81653476979a8d1a8c44943291f236/4B786524-9822-47E5-BE20-77F41AADF63B.png]
[www.edx.org/images/stock/koosh-brain.png]
[www.edx.org/about-us.html]
[www.edx.org/learn/azure.html]
[www.edx.org/learn/blockchain.html]
[www.edx.org/learn/c-programming.html]
[www.edx.org/learn/devops.html]
[www.edx.org/learn/full-stack-development.html]
[www.edx.org/learn/django.html]
[www.edx.org/learn/html.html]
[www.edx.org/learn/java.html]
[www.edx.org/learn/python.html]
[www.edx.org/learn/javascript.html]
[www.edx.org/learn/language.html]
[www.edx.org/learn/english.html]
[www.edx.org/learn/mandarin-chinese.html]
[www.edx.org/learn/esl-english-as-a-second-language.html]
[www.edx.org/learn/grammar.html]
[www.edx.org/learn/italian.html]
[www.edx.org/learn/japanese.html]
[www.edx.org/learn/spanish.html]
[www.edx.org/learn/sign-language.html]
[www.edx.org/learn/writing.html]
[www.edx.org/learn/data-analysis.html]
[www.edx.org/learn/artificial-intelligence.html]
[www.edx.org/learn/big-data.html]
[www.edx.org/learn/cloud-computing.html]
[www.edx.org/learn/data-mining.html]
[www.edx.org/learn/machine-learning.html]
[www.edx.org/learn/power-bi.html]
[www.edx.org/learn/quantum-computing.html]
[www.edx.org/learn/business-administration.html]
[www.edx.org/learn/business-analysis.html]
[www.edx.org/learn/corporate-finance.html]
[www.edx.org/learn/economics.html]
[www.edx.org/learn/entrepreneurship.html]
[www.edx.org/learn/finance.html]
[www.edx.org/learn/financial-literacy.html]
[www.edx.org/learn/leadership.html]
[www.edx.org/learn/statistics.html]
[www.edx.org/learn/project-management.html]
[www.edx.org/learn/engineering.html]
[www.edx.org/learn/aerospace-engineering.html]
[www.edx.org/learn/biomedical-engineering.html]
[www.edx.org/learn/chemical-engineering.html]
[www.edx.org/learn/civil-engineering.html]
[www.edx.org/learn/computer-engineering.html]
[www.edx.org/learn/electrical-engineering.html]
[www.edx.org/learn/industrial-engineering.html]
[www.edx.org/learn/mechanical-engineering.html]
[www.edx.org/learn/software-engineering.html]
[www.edx.org/learn/structural-engineering.html]
[www.edx.org/learn/humanities.html]
[www.edx.org/learn/art.html]
[www.edx.org/learn/child-development.html]
[www.edx.org/learn/epidemics.html]
[www.edx.org/learn/fashion.html]
[www.edx.org/learn/history.html]
[www.edx.org/learn/human-anatomy.html]
[www.edx.org/learn/literature.html]
[www.edx.org/learn/psychology.html]
[www.edx.org/learn/public-speaking.html]
[www.edx.org/images/logos/edx-logo-registered-elm.svg]
[www.edx.org/learn/shakespeare.html]
[www.edx.org/affiliate-program.html]
[www.edx.org/careers.html]
[www.edx.org/policy/security.html]
[www.edx.org/media-kit.html]
[www.edx.org/edx-terms-service.html]
[www.edx.org/edx-privacy-policy.html]
[www.edx.org/accessibility.html]
[www.edx.org/trademarks.html]
[www.edx.org/modern-slavery-statement.html]
[www.edx.org/sitemap.html]
[www.edx.org/images/logos/apple-store-badge-en.svg]
[www.edx.org/images/logos/google-play-badge-en.png]
[www.edx.org/app-641d0a16f49d4aa01bb3.js]
[www.edx.org/framework-9ef431b2dafaa51edb30.js]
[www.edx.org/webpack-runtime-a9d33d2e6abcf269a525.js]
[www.edx.org/index.html]
[www.edx.org/static/images/product_pages/masters_banner-lg.html]
[www.edx.org/static/images/backgrounds/bg-header-tile.html]
[www.edx.org/fonts/Inter-Regular.woff2]
[www.edx.org/fonts/Inter-Regular.woff]
[www.edx.org/fonts/Inter-Italic.woff2]
[www.edx.org/fonts/Inter-Italic.woff]
[www.edx.org/fonts/Inter-Medium.woff2]
[www.edx.org/fonts/Inter-Medium.woff]
[www.edx.org/fonts/Inter-MediumItalic.woff2]
[www.edx.org/fonts/Inter-MediumItalic.woff]
[www.edx.org/fonts/Inter-Bold.woff2]
[www.edx.org/fonts/Inter-Bold.woff]
[www.edx.org/fonts/Inter-BoldItalic.woff2]
[www.edx.org/fonts/Inter-BoldItalic.woff]
[www.edx.org/fonts/Roboto-mono-v22-latin-regular.woff2]
[www.edx.org/fonts/Roboto-mono-v22-latin-regular.woff]
[www.edx.org/fonts/styles.css]
[prospect-form-plugin.2u.com/assets/embed-form-styles.css]
[www.edx.org/es/search/index8c55.html]
[www.edx.org/es/search.html]
[www.edx.org/es/schools-partners.html]
[www.edx.org/es/search/indexd278.html]
[www.edx.org/es/search8c55.html]
[www.edx.org/es/course/analisis-estadistico-con-excel.html]
[www.edx.org/es/course/visualizacion-de-datos-y-storytelling.html]
[www.edx.org/es/course/Introduccion-a-la-ciencia-de-datos-y-sus-aplicaciones.html]
[www.edx.org/es/course/ciencia-de-datos-aplicada-al-marketing.html]
[www.edx.org/es/aprende/analisis-de-datos.html]
[www.edx.org/static/2f163763dbfe225926f4610cbd9bdc15/EGADE_Business_School.png]
[www.edx.org/es/about-us.html]
[www.edx.org/es/aprende/programacion-informatica.html]
[www.edx.org/es/aprende/ciberseguridad.html]
[www.edx.org/es/aprende/desarrollo-de-aplicaciones.html]
[www.edx.org/es/aprende/desarrollo-de-software.html]
[www.edx.org/es/aprende/microsoft-excel.html]
[www.edx.org/es/aprende/programacion-en-java.html]
[www.edx.org/es/aprende/lenguaje-javascript.html]
[www.edx.org/es/aprende/programacion-en-c.html]
[www.edx.org/es/aprende/programacion-r.html]
[www.edx.org/es/aprende/programacion-python.html]
[www.edx.org/es/aprende/tecnologia-de-la-informacion.html]
[www.edx.org/es/aprende/idiomas.html]
[www.edx.org/es/aprende/chino.html]
[www.edx.org/es/aprende/escritura.html]
[www.edx.org/es/aprende/cursos-de-espanol.html]
[www.edx.org/es/aprende/frances.html]
[www.edx.org/es/aprende/ingles.html]
[www.edx.org/es/aprende/ingles-de-negocios.html]
[www.edx.org/es/aprende/italiano.html]
[www.edx.org/es/aprende/japones.html]
[www.edx.org/es/aprende/mandarin.html]
[www.edx.org/es/aprende/toefl.html]
[www.edx.org/es/aprende/ciencia-de-datos.html]
[www.edx.org/es/aprende/aprendizaje-automatico.html]
[www.edx.org/es/aprende/big-data.html]
[www.edx.org/es/aprende/la-cloud-computing.html]
[www.edx.org/es/aprende/mineria-de-datos.html]
[www.edx.org/es/aprende/inteligencia-artificial.html]
[www.edx.org/es/aprende/microsoft-power-bi.html]
[www.edx.org/es/aprende/administracion-de-empresas.html]
[www.edx.org/es/aprende/economia.html]
[www.edx.org/es/aprende/emprendimiento.html]
[www.edx.org/es/aprende/finanzas.html]
[www.edx.org/es/aprende/gestion-de-proyectos.html]
[www.edx.org/es/aprende/habilidades-blandas.html]
[www.edx.org/es/aprende/liderazgo.html]
[www.edx.org/es/aprende/marketing-y-redes-sociales.html]
[www.edx.org/es/aprende/negocios-internacionales.html]
[www.edx.org/es/aprende/ventas.html]
[www.edx.org/es/aprende/ingenieria.html]
[www.edx.org/es/aprende/el-design-thinking.html]
[www.edx.org/es/aprende/energia-y-la-smart-grid.html]
[www.edx.org/es/aprende/ingenieria-civil.html]
[www.edx.org/es/aprende/ingenieria-electrica.html]
[www.edx.org/es/aprende/ingenieria-genetica.html]
[www.edx.org/es/aprende/ingenieria-industrial.html]
[www.edx.org/es/aprende/ingenieria-en-sistemas.html]
[www.edx.org/es/aprende/ingenieria-de-software.html]
[www.edx.org/es/aprende/logistica.html]
[www.edx.org/es/aprende/matematicas.html]
[www.edx.org/es/aprende/humanidades.html]
[www.edx.org/es/aprende/anatomia.html]
[www.edx.org/es/aprende/arquitectura.html]
[www.edx.org/es/aprende/arte.html]
[www.edx.org/es/aprende/comunicacion.html]
[www.edx.org/es/aprende/epidemia.html]
[www.edx.org/es/aprende/felicidad.html]
[www.edx.org/es/aprende/historia.html]
[www.edx.org/es/aprende/literatura.html]
[www.edx.org/es/aprende/el-mindfulness.html]
[www.edx.org/es/aprende/psicologia.html]
[www.edx.org/es/affiliate-program.html]
[www.edx.org/es/careers.html]
[www.edx.org/es/policy/security.html]
[www.edx.org/es/media-kit.html]
[www.edx.org/es/edx-terms-service.html]
[www.edx.org/es/edx-privacy-policy.html]
[www.edx.org/es/accessibility.html]
[www.edx.org/images/logos/apple-store-badge-es.svg]
[www.edx.org/images/logos/google-play-badge-es.png]
[www.edx.org/es.html]
[www.edx.org/images/logos/edx-logo-elm.svg]
[www.edx.org/search/index8c55.html]
[www.edx.org/search.html]
[www.edx.org/search/indexd278.html]
[www.edx.org/es/sitemap.html]
[www.edx.org/index9921.html]
[www.edx.org/school/mitx.html]
[www.edx.org/index748d.html]
[prod-discovery.edx-cdn.org/organization/logos/2a73d2ce-c34a-4e08-8223-83bca9d2f01d-2cc8854c6fee.png]
[www.edx.org/school/harvardx.html]
[prod-discovery.edx-cdn.org/organization/logos/44022f13-20df-4666-9111-cede3e5dc5b6-2cc39992c67a.png]
[www.edx.org/school/uc-berkeleyx.html]
[prod-discovery.edx-cdn.org/organization/logos/54bc81cb-b736-4505-aa51-dd2b18c61d84-2082c7ba1024.png]
[www.edx.org/school/utsystemx.html]
[prod-discovery.edx-cdn.org/organization/logos/3f0d28e5-eeb4-4e0f-9617-39546a3df0c8-1bfe1d50b12f.png]
[www.edx.org/school/anux.html]
[prod-discovery.edx-cdn.org/organization/logos/1e6df8ed-a3fe-4307-99b9-775af509fcba-c733cde41f39.png]
[www.edx.org/school/bux.html]
[prod-discovery.edx-cdn.org/organization/logos/36cfd0bb-1d18-4355-ae44-cb946573df3c-1e18515c3e4b.png]
[www.edx.org/school/curtinx.html]
[prod-discovery.edx-cdn.org/organization/logos/afb92a21-674a-4636-b83b-17e3fef7243d-82515dc77939.png]
[www.edx.org/school/delftx.html]
[prod-discovery.edx-cdn.org/organization/logos/c484a523-d396-4aff-90f4-bb7e82e16bf6-f9e6cc4a4c94.png]
[www.edx.org/school/georgetownx.html]
[prod-discovery.edx-cdn.org/organization/logos/300a9275-e360-4599-92db-8c2222d5f614-712b2867e667.png]
[prod-discovery.edx-cdn.org/organization/logos/8607c85e-2a12-4c51-8906-3a67848cf2a7-3e0a310f77c3.png]
[www.edx.org/school/rwthx.html]
[www.edx.org/school/sorbonnex.html]
[prod-discovery.edx-cdn.org/organization/logos/188a8d01-87c1-45e6-b518-3de65906deac-e0bae0624ec7.png]
[prod-discovery.edx-cdn.org/organization/logos/0e54e104-1705-4479-80ec-5be6cac8b021-92ff94bde414.png]
[www.edx.org/school/hkpolyux.html]
[www.edx.org/school/uqx.html]
[prod-discovery.edx-cdn.org/organization/logos/8554749f-b920-4d7f-8986-af6bb95290aa-f336c6a2ca11.png]
[www.edx.org/school/adelaidex.html]
[prod-discovery.edx-cdn.org/organization/logos/f5d1ff66-002f-43fa-9d76-1b191d4a3272-0e2420850666.png]
[www.edx.org/school/ubcx.html]
[prod-discovery.edx-cdn.org/organization/logos/eac96c61-1462-4084-a0b2-12525b74a9e1-8377159ff774.png]
[www.edx.org/school/usmx.html]
[prod-discovery.edx-cdn.org/organization/logos/b9dc96da-b3fc-45a6-b6b7-b8e12eb79335-bc0488f1a5f8.png]
[www.edx.org/school/asux.html]
[prod-discovery.edx-cdn.org/organization/logos/766a3716-f962-425b-b56e-e214c019b229-1fd2c1d49461.png]
[www.edx.org/school/berkleex.html]
[prod-discovery.edx-cdn.org/organization/logos/267a63a9-5bc3-4b49-8bc0-f31b39b45f53-9778ab6db7ca.png]
[www.edx.org/school/brownx.html]
[prod-discovery.edx-cdn.org/organization/logos/edcea365-f4e2-4790-ab58-b05011ff147f-e5740103bc15.png]
[www.edx.org/school/caltechx.html]
[prod-discovery.edx-cdn.org/organization/logos/01424b8a-06bf-4410-ac4f-2f1016b105be-e40ca6bcc9d7.png]
[www.edx.org/school/columbiax.html]
[prod-discovery.edx-cdn.org/organization/logos/3d8fc08e-339f-467a-a6c0-2b956ca5d6a0-797c0c6ddbc6.png]
[www.edx.org/school/cornellx.html]
[prod-discovery.edx-cdn.org/organization/logos/99661642-a500-4988-bd1b-97877bd6e232-6903c8a95279.png]
[www.edx.org/school/dartmouthx.html]
[prod-discovery.edx-cdn.org/organization/logos/faaf3d47-e4af-4da6-8cb8-c7051d7b1572-0d113e57e4e4.png]
[prod-discovery.edx-cdn.org/organization/logos/2b993f2d-f65b-4791-b2f5-0fa11fedfd15-fcce7b6e0e40.png]
[www.edx.org/school/davidsonx.html]
[prod-discovery.edx-cdn.org/organization/logos/6f244695-7416-4c6c-a2a9-97769b6acb56-a2dc5dd735ab.png]
[www.edx.org/school/epflx.html]
[www.edx.org/school/ethx.html]
[prod-discovery.edx-cdn.org/organization/logos/9c5eef81-4eac-4f0d-9ca1-c668ccce5d73-af28b99903dc.png]
[www.edx.org/school/iitbombayx.html]
[prod-discovery.edx-cdn.org/organization/logos/410f25d0-d67b-4a90-b7e3-8a856eece7e1-5a926942dd45.png]
[www.edx.org/school/imperialx.html]
[prod-discovery.edx-cdn.org/organization/logos/b7b5c4b8-9908-4caa-8e02-453a2a960b0b-9cda9ffb8e95.png]
[prod-discovery.edx-cdn.org/organization/logos/7205f972-57a3-4313-a7ea-7dfa0645d965-399b53df1455.png]
[www.edx.org/school/kuleuvenx.html]
[www.edx.org/school/kyotoux.html]
[prod-discovery.edx-cdn.org/organization/logos/697091f9-b97d-4d38-a7c5-621353e7551c-947eaa9afcfd.png]
[prod-discovery.edx-cdn.org/organization/logos/b4588b9d-da66-4cee-a022-14500c8973d9-9778580f1302.png]
[www.edx.org/school/mcgillx.html]
[www.edx.org/school/pekingx.html]
[prod-discovery.edx-cdn.org/organization/logos/797a0982-fdc1-440e-85b2-0295d84baff6-65a0a6a6bd9a.png]
[www.edx.org/school/princetonx.html]
[prod-discovery.edx-cdn.org/organization/logos/bfcc2e63-9cf2-4f18-968a-e44fd5cf0b7d-92924d377243.png]
[www.edx.org/school/ricex.html]
[prod-discovery.edx-cdn.org/organization/logos/3e0f3544-6626-4373-afb9-b21e0e66a571-9317ec003c4d.png]
[prod-discovery.edx-cdn.org/organization/logos/16c5f1e0-9d68-4771-bb5e-4148cb95cba9-c61990083882.png]
[www.edx.org/school/stanfordonline.html]
[www.edx.org/school/snux.html]
[prod-discovery.edx-cdn.org/organization/logos/f53a7458-c79b-4524-97cf-28241114230e-e47d44123c3b.png]
[www.edx.org/school/tumx.html]
[prod-discovery.edx-cdn.org/organization/logos/a455918c-387b-46b2-b943-d4b8f3edcf56-99c3e2021759.png]
[prod-discovery.edx-cdn.org/organization/logos/8537d31f-01b4-40fd-b652-e17b38eefe41-7956b2a3cd04.png]
[www.edx.org/school/gtx.html]
[www.edx.org/school/hkustx.html]
[prod-discovery.edx-cdn.org/organization/logos/b736b120-95f6-4ac5-83d0-138fedbbbda2-ed8f10dbd8ba.png]
[www.edx.org/school/nus.html]
[prod-discovery.edx-cdn.org/organization/logos/f09b5f8c-1a50-4210-b5c0-a3bb0fb9ebf8-eb1aabeda8fe.png]
[www.edx.org/school/uc-san-diegox.html]
[prod-discovery.edx-cdn.org/organization/logos/c7f335bb-f97c-4472-af09-65ae60197005-7d797d964ddb.png]
[www.edx.org/school/edinburghx.html]
[prod-discovery.edx-cdn.org/organization/logos/bc823bd7-b910-4e23-a5fd-ac7283f02c1e-66ced298a065.png]
[prod-discovery.edx-cdn.org/organization/logos/11d8415d-2b1f-4996-8d26-e93bdd6b402a-77748be29828.png]
[www.edx.org/school/uicelandx.html]
[prod-discovery.edx-cdn.org/organization/logos/ebf3ff9d-a40b-4cbe-84a1-ef7fe4f35beb-61ffe82bb9c2.png]
[www.edx.org/school/michiganx.html]
[www.edx.org/school/utokyox.html]
[prod-discovery.edx-cdn.org/organization/logos/234a2849-1ac0-44fc-a5bd-2ab0e4e077fe-a4cfba8cf9f8.png]
[www.edx.org/school/tsinghuax.html]
[prod-discovery.edx-cdn.org/organization/logos/b5714409-b5f4-4c9d-9348-b0fecbaaddd6-780fbb6c72c7.png]
[prod-discovery.edx-cdn.org/organization/logos/518a47f2-66fb-4529-8902-a4f7ca3002ef-78d294b01e63.png]
[www.edx.org/school/upvalenciax.html]
[www.edx.org/school/louvainx.html]
[prod-discovery.edx-cdn.org/organization/logos/990c1282-3357-40c0-807b-d2bb8b27a716-eb4efe4fcff1.png]
[www.edx.org/school/alaskax.html]
[prod-discovery.edx-cdn.org/organization/logos/8d801db7-a298-4c63-9372-59e00f6e4038-b7c8e8d997b1.png]
[www.edx.org/school/universityofcambridge.html]
[prod-discovery.edx-cdn.org/organization/logos/a7e2febc-e366-4b23-9fc3-5659cf53d452-fbcc652f58e1.png]
[www.edx.org/school/uchicagox.html]
[prod-discovery.edx-cdn.org/organization/logos/aece19ca-b03d-4273-8faf-d128d6c50fda-b1b4fad62b79.png]
[www.edx.org/school/hkux.html]
[prod-discovery.edx-cdn.org/organization/logos/5024b547-2d68-4bfd-9e9e-1e5f96c13375-8e28e53d5521.png]
[www.edx.org/school/notredamex.html]
[prod-discovery.edx-cdn.org/organization/logos/2c5210cb-3d23-4ba8-bcfa-edc7f0cfb368-1b48c3164a0a.png]
[www.edx.org/school/oxfordx.html]
[prod-discovery.edx-cdn.org/organization/logos/2b628454-1c1f-4a61-978a-7bec1e588918-f65474eb5fac.png]
[prod-discovery.edx-cdn.org/organization/logos/fc03b413-d5d6-48af-974f-21da4d244ee8-6fe2970cf98b.png]
[www.edx.org/school/pennx.html]
[prod-discovery.edx-cdn.org/organization/logos/653cb5ea-d5fd-4531-a464-b03de9e52991-66dd31f831b4.png]
[www.edx.org/school/university-torontox.html]
[www.edx.org/school/uwashingtonx.html]
[prod-discovery.edx-cdn.org/organization/logos/a7530503-bd7f-49c4-afbe-22824a191282-25b122e47f8d.png]
[www.edx.org/school/wellesleyx.html]
[prod-discovery.edx-cdn.org/organization/logos/672591a0-3f92-4e31-906c-ea14a2ff92b5-30bfef991443.png]
[www.edx.org/school/acca.html]
[prod-discovery.edx-cdn.org/organization/logos/5f1ba1eb-92e8-4603-a2eb-f259d182b806-da5851943627.png]
[prod-discovery.edx-cdn.org/organization/logos/5f1b3a31-014f-44e0-ade4-829a9d4b8334-9d744039ab17.png]
[www.edx.org/school/armeducation.html]
[prod-discovery.edx-cdn.org/organization/logos/6233178f-b703-4c85-bcea-3b3c55ef9289-8c26535e6e82.png]
[www.edx.org/school/chalmersx.html]
[prod-discovery.edx-cdn.org/organization/logos/da09dee6-19d9-4ad0-a027-f6c206b56656-23edf1cdf900.png]
[www.edx.org/school/colgatex.html]
[www.edx.org/school/doanex.html]
[prod-discovery.edx-cdn.org/organization/logos/e9e90c9f-85ec-4ae5-bea8-2ecae2258446-85b6b8c0a212.png]
[www.edx.org/school/etsx.html]
[prod-discovery.edx-cdn.org/organization/logos/9d9e1a30-c34d-4ad1-8c5a-d2410db8c123-8beea336c2a4.png]
[prod-discovery.edx-cdn.org/organization/logos/9c05acb1-4527-4361-95e5-827457af9819-0a8984dce57b.png]
[www.edx.org/school/hbkux.html]
[www.edx.org/school/hamiltonx.html]
[prod-discovery.edx-cdn.org/organization/logos/622bd630-8174-4eb6-8bb1-ba675e8c1ffa-d7c7921752ef.png]
[prod-discovery.edx-cdn.org/organization/logos/55a6dc9c-5bc9-45e1-be34-a94bcc87bb15-c3509d119e45.png]
[www.edx.org/school/imtx.html]
[prod-discovery.edx-cdn.org/organization/logos/f87a494a-5b61-4c1c-b9ff-0fefec519326-6ea0a51177d0.png]
[www.edx.org/school/idbx.html]
[www.edx.org/school/irtix.html]
[prod-discovery.edx-cdn.org/organization/logos/6b7b79f4-8669-4dc7-bc59-ce43792f3694-d1072b24295b.png]
[prod-discovery.edx-cdn.org/organization/logos/8c9a342a-2a11-4845-ba09-14b85645d8ac-9dd7b26745d2.png]
[www.edx.org/school/israelx.html]
[prod-discovery.edx-cdn.org/organization/logos/aea3af3f-0076-4ffb-8c4b-e8918941a533-7396e28f1481.png]
[www.edx.org/school/kaust.html]
[www.edx.org/school/mandarinx.html]
[prod-discovery.edx-cdn.org/organization/logos/0ec63800-5a83-4ead-8ce5-9fd614105c06-f585b2f0b076.png]
[prod-discovery.edx-cdn.org/organization/logos/dc6d25de-0dac-43e6-a915-e362bf8b4403-917c4e000b69.png]
[www.edx.org/school/nyux.html]
[prod-discovery.edx-cdn.org/organization/logos/0d334838-fc50-4f0b-a103-8b6ff80d260b-505dd6e0e3ac.png]
[www.edx.org/school/oecx.html]
[www.edx.org/school/osakaux.html]
[prod-discovery.edx-cdn.org/organization/logos/c4ebe1e6-da7e-4d7e-8cf6-9693c786cbb0-e8bda4292048.png]
[www.edx.org/school/ritx.html]
[prod-discovery.edx-cdn.org/organization/logos/de3e9ff0-477d-4496-8cfa-a98f902e5830-71b79f0ac34a.png]
[www.edx.org/school/snhux.html]
[prod-discovery.edx-cdn.org/organization/logos/7bd2cecb-eca5-48b5-ba9e-7f62de0ef325-fc3e6695a906.png]
[www.edx.org/school/tenarisuniversity.html]
[prod-discovery.edx-cdn.org/organization/logos/d353e5a7-a457-449d-b896-8324e09c73e1-f6be9900c906.png]
[prod-discovery.edx-cdn.org/organization/logos/a655d538-b1e8-4f66-a99d-cf4682d2c17b-111a45d036cc.png]
[www.edx.org/school/imfx.html]
[www.edx.org/school/linuxfoundationx.html]
[prod-discovery.edx-cdn.org/organization/logos/4d254841-5cc9-4174-a28d-5b4f823c0122-51c34231df61.png]
[www.edx.org/school/smithsonianx.html]
[prod-discovery.edx-cdn.org/organization/logos/19c4ee8d-c405-4db8-a0d8-609a78c9ab33-09941dc6e316.png]
[www.edx.org/school/newcastlex.html]
[prod-discovery.edx-cdn.org/organization/logos/59a87bb6-2071-48a5-949b-d2da8f2608cb-ec072a2e3fe2.png]
[prod-discovery.edx-cdn.org/organization/logos/40c8032c-f10a-4a81-9099-fa8090d9ed90-779573cf2f57.png]
[www.edx.org/school/uaeux.html]
[www.edx.org/school/tokyotechx.html]
[prod-discovery.edx-cdn.org/organization/logos/6af10922-4b91-4ce4-9e8b-f9ad140b2c5a-ffa44e1675f6.png]
[www.edx.org/school/uamx.html]
[prod-discovery.edx-cdn.org/organization/logos/daf114d3-0909-4991-8dc0-10c319ee8687-cfb543208a6c.png]
[prod-discovery.edx-cdn.org/organization/logos/e0bfb887-eabd-4f4a-8583-7e5aa368b274-cb687d8acb0e.png]
[www.edx.org/school/urosariox.html]
[prod-discovery.edx-cdn.org/organization/logos/bc4110ab-affc-4aa3-9b65-f3df49e6379f-5fbf95d129d1.png]
[www.edx.org/school/galileox.html]
[www.edx.org/school/uncordobax.html]
[prod-discovery.edx-cdn.org/organization/logos/24d95e06-fead-4ef5-ad47-3a90f66157e8-acbda63564d5.png]
[prod-discovery.edx-cdn.org/organization/logos/0b3b2258-7f32-4fb1-807a-87c79543347a-6c8ff3bf8f98.png]
[www.edx.org/school/federicax.html]
[prod-discovery.edx-cdn.org/organization/logos/5050f657-6d91-44ea-9edb-b6b9418feb37-e5ba3c4cd9e1.png]
[www.edx.org/school/wellingtonx.html]
[www.edx.org/school/wageningenx.html]
[prod-discovery.edx-cdn.org/organization/logos/0c6e5fa2-96e8-40b2-9ebe-c8b0df2a3b22-7022589dbb5d.png]
[www.edx.org/school/wasedax.html]
[prod-discovery.edx-cdn.org/organization/logos/c2bb4096-9dbd-40d1-a4e9-d580dbbc9e48-5d1be3893b0c.png]
[www.edx.org/school/wbgx.html]
[prod-discovery.edx-cdn.org/organization/logos/3ca455dc-4c90-4097-9203-d647e3e70771-9d3ece650b89.png]
[prod-discovery.edx-cdn.org/organization/logos/36304736-96de-45a9-9176-49fe80846a17-d55ca16b8b12.png]
[www.edx.org/school/zhawx.html]
[www.edx.org/school/afghanx.html]
[prod-discovery.edx-cdn.org/organization/logos/0e2e7ed5-6555-4212-8c31-5a114e690b64-11a283c52a8e.png]
[www.edx.org/school/aws.html]
[prod-discovery.edx-cdn.org/organization/logos/31705519-3082-4c18-aa23-1caf9a038b1c-21ab36bd68bc.png]
[www.edx.org/school/babsonx.html]
[prod-discovery.edx-cdn.org/organization/logos/5e657c42-b466-4101-883a-7f2830ff3d54-1cc106481e49.png]
[www.edx.org/school/barbaraoakley_olavschewe.html]
[prod-discovery.edx-cdn.org/organization/logos/90892729-e05a-40d3-8a6d-111bf35d0a54-3188b16a253e.png]
[www.edx.org/school/catalystx.html]
[prod-discovery.edx-cdn.org/organization/logos/7a2e476c-f802-49ba-9dbd-d44e5658277c-914467970e00.png]
[www.edx.org/school/checkpoint.html]
[prod-discovery.edx-cdn.org/organization/logos/c980660a-dc5c-4dc5-8f04-de4359eb5ea0-7220cfaec517.png]
[prod-discovery.edx-cdn.org/organization/logos/dd7e4312-e4df-4d81-a126-5885865ab0d5-8c68a40ac0f3.png]
[www.edx.org/school/codio.html]
[www.edx.org/school/solidworks.html]
[prod-discovery.edx-cdn.org/organization/logos/d591e980-726b-483d-88c8-044e66db438b-b27dbbde50f2.png]
[www.edx.org/school/draperx.html]
[prod-discovery.edx-cdn.org/organization/logos/f8d9352a-49c0-4be6-a04a-a7e67520c8d7-037151bc443a.png]
[www.edx.org/school/emergn.html]
[prod-discovery.edx-cdn.org/organization/logos/5dacd1ae-db4c-42e7-8d21-09c81acef795-699cf347ecea.png]
[www.edx.org/school/fullbridgex.html]
[prod-discovery.edx-cdn.org/organization/logos/126b2c88-ce11-46e0-8833-71552c03355b-aa8717dcc1ca.png]
[www.edx.org/school/google.html]
[prod-discovery.edx-cdn.org/organization/logos/29d2370f-9575-4f8e-b107-753b1abcc5f0-6a48c6833673.png]
[www.edx.org/school/googlecloud.html]
[prod-discovery.edx-cdn.org/organization/logos/7a30f2c7-0d59-4890-ab19-fc8324e9c7d6-cb9e785be11c.png]
[prod-discovery.edx-cdn.org/organization/logos/c56a26e7-5025-4f31-97aa-0a5f42445447-0016ae232c5a.png]
[www.edx.org/school/tugrazx.html]
[www.edx.org/school/harveymuddx.html]
[prod-discovery.edx-cdn.org/organization/logos/ae5c478b-9e19-4868-95be-18c0cc881efa-959a8063f103.png]
[www.edx.org/school/hec-montrealx.html]
[prod-discovery.edx-cdn.org/organization/logos/79da26e5-dbaf-400a-906c-33c51b87ea83-d1826ad9c521.png]
[www.edx.org/school/ibm.html]
[prod-discovery.edx-cdn.org/organization/logos/87b07564-d569-4cfd-bee6-8b0a407acb73-dc33e4b5f353.png]
[www.edx.org/school/iimbx.html]
[prod-discovery.edx-cdn.org/organization/logos/c2e6b3f5-9c1f-41f0-b692-f2173d05a256-7729f0b9d72b.png]
[www.edx.org/school/iux.html]
[prod-discovery.edx-cdn.org/organization/logos/8946fb40-f288-4e05-9275-9e9b4689bda8-e58c545e2296.png]
[www.edx.org/school/iscea.html]
[prod-discovery.edx-cdn.org/organization/logos/e1f70279-dab1-436b-b87d-2aa4c1c3c3b8-2a7a6512dd73.png]
[prod-discovery.edx-cdn.org/organization/logos/aae4f4ea-b632-4c11-8017-16ba3411ad9e-b9b44ad324a3.png]
[www.edx.org/school/jesuscollege.html]
[www.edx.org/school/juranx.html]
[prod-discovery.edx-cdn.org/organization/logos/df374c5a-1048-4f42-b947-56954f8f5887-1df93bfaf51d.png]
[prod-discovery.edx-cdn.org/organization/logos/6efcecdf-4ba0-4183-b127-0f7100eb3da6-2baf47326023.jpg]
[www.edx.org/school/lasallex.html]
[prod-discovery.edx-cdn.org/organization/logos/8e19bed1-bfbe-4622-a7b7-4db2217c7999-6f4b8122d259.png]
[www.edx.org/school/lvx.html]
[www.edx.org/school/logycax.html]
[prod-discovery.edx-cdn.org/organization/logos/f35f3d73-e1f1-42fa-88af-8637276d3281-3f3ddfe2630f.png]
[prod-discovery.edx-cdn.org/organization/logos/816b7ef2-6c19-431b-8152-3c12b307991f-4247159f02c1.png]
[www.edx.org/school/mathworks.html]
[www.edx.org/school/meta.html]
[prod-discovery.edx-cdn.org/organization/logos/8ffbe7ea-be33-4247-bbb3-d9b560b98f0c-a2824e449792.png]
[www.edx.org/school/microsoft.html]
[prod-discovery.edx-cdn.org/organization/logos/896bbb25-cf7e-4f80-8ac1-477199c305ef-0a7d5b6c30e9.png]
[prod-discovery.edx-cdn.org/organization/logos/ecabc090-da26-4831-b96e-9c08f67f320e-ffcfe486232e.png]
[www.edx.org/school/new-york-institute-finance.html]
[prod-discovery.edx-cdn.org/organization/logos/d44733ac-333f-4b66-8cb0-02930e32a640-60c3c18089aa.png]
[www.edx.org/school/javerianax.html]
[www.edx.org/school/purduex.html]
[prod-discovery.edx-cdn.org/organization/logos/e5dfaf30-3828-4826-944e-03ea3dcf5b13-ab295e7bad86.png]
[www.edx.org/school/qux.html]
[prod-discovery.edx-cdn.org/organization/logos/7b6ca3d5-1030-408f-b1a4-fb140db1854e-7337e1e6deaf.png]
[prod-discovery.edx-cdn.org/organization/logos/3b50ea24-3c83-4923-82e3-991f67ab355e-490aeea2881f.png]
[www.edx.org/school/queensx.html]
[www.edx.org/school/red-hat.html]
[prod-discovery.edx-cdn.org/organization/logos/ec7ef975-f3ec-497b-9a96-693035f8f73f-4b0181abb64e.png]
[www.edx.org/school/sdgacademyx.html]
[prod-discovery.edx-cdn.org/organization/logos/0152661c-94b4-44ff-ad5d-54528339c1b0-516950c54c28.png]
[prod-discovery.edx-cdn.org/organization/logos/089e29ff-b069-4705-9133-a3fb757d4d5a-9858fd349d7b.png]
[www.edx.org/school/smithx.html]
[www.edx.org/school/state-bank-of-india.html]
[prod-discovery.edx-cdn.org/organization/logos/6fc80e42-95b2-47c6-a5e8-8d76f104cebd-dd0954c7476b.png]
[www.edx.org/school/statisticscomx.html]
[prod-discovery.edx-cdn.org/organization/logos/d74214c6-3663-421d-91be-bf407a6efca2-94bf207ef5fa.png]
[www.edx.org/school/stellenboschx.html]
[prod-discovery.edx-cdn.org/organization/logos/42feffdf-caad-4e6b-8432-1b87d4ee30a1-7b267696ad82.png]
[www.edx.org/school/tecnologico-de-monterrey.html]
[prod-discovery.edx-cdn.org/organization/logos/ceb9644c-f8dd-4522-9acd-adb33cbb9b4b-e8152bc6676b.png]
[www.edx.org/school/lse.html]
[prod-discovery.edx-cdn.org/organization/logos/07141c7d-a86e-4f48-bb5b-1eef0958b465-b644124b89ef.png]
[prod-discovery.edx-cdn.org/organization/logos/496e8de4-f4c2-4395-bfa4-5e9daeb60f1d-f8f8e09793a2.png]
[www.edx.org/school/wisconsinx.html]
[prod-discovery.edx-cdn.org/organization/logos/e3c306a5-f985-4c36-a157-a947aec040e8-0862b784a2b0.png]
[www.edx.org/school/w3cx.html]
[www.edx.org/school/tesu.html]
[prod-discovery.edx-cdn.org/organization/logos/021d83c7-02d8-4e61-80e2-918bb758ca28-048ed135bac6.png]
[www.edx.org/school/trinityx.html]
[prod-discovery.edx-cdn.org/organization/logos/f6eddff7-8373-4fbe-bdcf-52014c1e8a16-ca25ad8e621c.png]
[prod-discovery.edx-cdn.org/organization/logos/ffbbf698-c445-4595-9466-b7cf8564a74f-329c8bde00db.png]
[www.edx.org/school/uc3mx.html]
[www.edx.org/school/anahuacx.html]
[prod-discovery.edx-cdn.org/organization/logos/eedbb070-b505-4250-a9f9-5104b3029a8f-f33f8ea74659.png]
[prod-discovery.edx-cdn.org/organization/logos/1181fcba-6687-4114-8c3c-f34815663fd7-a287d6820336.png]
[www.edx.org/school/umontrealx.html]
[prod-discovery.edx-cdn.org/organization/logos/a75900e9-c7c1-4eca-b9cc-2fbaf7d614af-e1ab49e72a99.png]
[www.edx.org/school/um6px.html]
[prod-discovery.edx-cdn.org/organization/logos/a3bb78b3-f1e4-4d19-930f-9ed912b5d98a-92ba92fbff97.png]
[www.edx.org/school/bayreuthx.html]
[prod-discovery.edx-cdn.org/organization/logos/ecfbe814-b9bf-45ae-8bc0-baf62dbedeb6-8113d578a9f6.png]
[www.edx.org/school/ucx.html]
[prod-discovery.edx-cdn.org/organization/logos/097ca727-d3f4-43d0-8baf-9baf23c1314b-29d4b0840da2.png]
[www.edx.org/school/umbc.html]
[www.edx.org/school/web3x.html]
[prod-discovery.edx-cdn.org/organization/logos/75831d72-095d-4fa8-9d79-88782a11fe9f-aeea98004d23.png]
[www.edx.org/school/wgux.html]
[prod-discovery.edx-cdn.org/organization/logos/c6b09d83-d95e-4f98-8486-aa45e3945c28-95a40141ad67.png]
[www.edx.org/schools-partners.html]
[www.edx.org/search8c55.html]
[www.edx.org/course/oxford-executive-leadership-programme1edc.html]
[www.edx.org/course/mba-essentials1edc.html]
[www.edx.org/course/higher-education-teaching-certificate1edc.html]
[www.edx.org/course/blockchain-technologies-business-innovation-and-application1edc.html]
[www.edx.org/friends-edx.html]
[www.edx.org/static/e12d634a279f76c09ce2ec09ff81d957/general_homepage_large_header_banner_edit03_2.png]
[www.edx.org/es/executive-education]
[www.edx.org/TextListModule-d8dbdfe2e0a521ee4ca0.js]
[www.edx.org/160a67f00a3a3a2adeec0b6a5b88e86fb6b6ba48-7c52f580aee2bd0c09ec.js]
[www.edx.org/5b7cc1d8ccf8c183939b40584a6d7144da443d39-854273638a8bac212f1e.js]
[www.edx.org/45c68575f38a7d9b135ea152288ee47ffee20c23-f07a40ce4cbe9091aae7.js]
[www.edx.org/CardListModule-f1a08384c57c896341ac.js]
[www.edx.org/FAQModule-6408e72c1091a2f48b7d.js]
[www.edx.org/course/artificial-intelligence-implications-for-business-strategy3493.html]
[www.edx.org/course/oxford-artificial-intelligence-programme3493.html]
[www.edx.org/course/machine-learning-in-business3493.html]
[www.edx.org/course/automation-implementation-in-business3493.html]
[www.edx.org/course/mba-essentials3493.html]
[www.edx.org/course/digital-business-strategy-harnessing-our-digital-future3493.html]
[www.edx.org/course/oxford-executive-strategy-programme3493.html]
[www.edx.org/course/accelerated-management-program3493.html]
[www.edx.org/course/digital-marketing-analytics3493.html]
[www.edx.org/course/data-analysis-for-management3493.html]
[www.edx.org/course/machine-learning-practical-applications3493.html]
[www.edx.org/course/data-analysis3493.html]
[www.edx.org/course/higher-education-teaching-certificate3493.html]
[www.edx.org/course/teaching-with-technology3493.html]
[www.edx.org/course/instructional-design3493.html]
[www.edx.org/course/teaching-certificate-the-science-of-social-and-emotional-learning3493.html]
[www.edx.org/course/real-estate-economics-and-finance-online-certificate-course3493.html]
[www.edx.org/course/commercial-real-estate-analysis-and-investment3493.html]
[www.edx.org/course/managerial-finance3493.html]
[www.edx.org/course/oxford-private-markets-investments-programme3493.html]
[www.edx.org/course/fintech-and-the-future-of-finance-blockchain-cryptocurrencies-govcoins-and-the-payments-revolution3493.html]
[www.edx.org/course/blockchain-technologies-business-innovation-and-application3493.html]
[www.edx.org/course/fintech3493.html]
[www.edx.org/course/fintech-disruption-in-finance3493.html]
[www.edx.org/course/nutrition-science3493.html]
[www.edx.org/course/artificial-intelligence-in-health-care3493.html]
[www.edx.org/course/healthcare-management-23493.html]
[www.edx.org/course/health-economics-and-policy3493.html]
[www.edx.org/course/executive-and-management-coaching3493.html]
[www.edx.org/course/human-resource-management3493.html]
[www.edx.org/course/training-and-development-management3493.html]
[www.edx.org/course/digital-transformation-in-hr3493.html]
[www.edx.org/course/cybersecurity-managing-risk-in-the-information-age3493.html]
[www.edx.org/course/cybersecurity-for-managers3493.html]
[www.edx.org/course/it-management3493.html]
[www.edx.org/course/cybersecurity-leadership3493.html]
[www.edx.org/course/oxford-executive-leadership-programme3493.html]
[www.edx.org/course/leadership-in-an-exponentially-changing-world3493.html]
[www.edx.org/course/neuroscience-for-business3493.html]
[www.edx.org/course/oxford-womens-leadership-development-programme3493.html]
[www.edx.org/course/social-media-strategy-creating-engagement-insight-and-action3493.html]
[www.edx.org/course/professional-communication-business-writing-and-storytelling3493.html]
[www.edx.org/course/business-development-management3493.html]
[www.edx.org/course/sales-management3493.html]
[www.edx.org/course/business-international-relations-and-the-political3493.html]
[www.edx.org/course/data-law-policy-and-regulation3493.html]
[www.edx.org/course/the-new-global-order-how-politics-business-and-technology-are-changing3493.html]
[www.edx.org/course/regulation-strategy3493.html]
[www.edx.org/course/oxford-leading-strategic-projects-programme3493.html]
[www.edx.org/course/project-management-foundations3493.html]
[www.edx.org/course/digital-transformation-in-operations3493.html]
[www.edx.org/course/advanced-project-management3493.html]
[www.edx.org/course/business-sustainability-management3493.html]
[www.edx.org/course/sustainable-finance-33493.html]
[www.edx.org/course/oxford-leading-sustainable-corporations-programme3493.html]
[www.edx.org/static/e78f2702a345564212d4371519b1cb87/boot-camp.jpg]
[www.edx.org/executive-education.html]
[www.edx.org/course/corporate-sustainability-management-risk-profit-and-purpose3493.html]
[www.edx.org/es/masters/online-masters-in-public-health-boston-university.html]
[prod-discovery.edx-cdn.org/media/degree_marketing/campus_images/bu_title_bg_img_880x880_1.png]
[prod-discovery.edx-cdn.org/media/degree_marketing/campus_images/Talbot-image.jpg]
[www.edx.org/masters/online-masters-in-public-health-boston-university88c6.html]
[www.edx.org/masters/online-masters-in-public-health-boston-university.html]
[www.edx.org/masters/online-master-business-administration-mba-bux.html]
[www.edx.org/es/masters/online-master-business-administration-mba-bux.html]
[prod-discovery.edx-cdn.org/media/degree_marketing/campus_images/bu_title_bg_img_880x880.png]
[prod-discovery.edx-cdn.org/media/degree_marketing/campus_images/Questrom_Campus_-_perspective_1.jpg]
[www.edx.org/masters/online-master-business-administration-mba-bux88c6.html]
[www.edx.org/es/masters/online-masters-in-product-management-umd.html]
[www.edx.org/masters/online-masters-in-product-management-umd.html]
[prod-discovery.edx-cdn.org/media/degree_marketing/campus_images/880x880_UMD.png]
[prod-discovery.edx-cdn.org/media/degree_marketing/campus_images/MainAdmin_10162012_0386_1.jpg]
[prod-discovery.edx-cdn.org/organization/logos/ac5b634b-1d88-43d5-8199-1142a2e4fc96-0f3719f6fbd4.png]
[www.edx.org/masters/online-masters-in-product-management-umd88c6.html]
[www.edx.org/masters/master-of-information-and-data-science88c6.html]
[www.edx.org/masters/unc-master-of-business-administration88c6.html]
[www.edx.org/static/8abf56686f0815d709c328f53b35fc1e/GettyImages-639428586_2.jpg]
[www.edx.org/6fac75955b978fbadb8d742728bf626978b04c09-5a7db3580fc5c98187f3.js]
[www.edx.org/es/masters.html]
[www.edx.org/CarouselModule-0e4f55ae690bcae18ff5.js]
[www.edx.org/ProspectusComponentModule-8fd56babd00e9bd98b29.js]
[www.edx.org/UpcomingMastersDegreePrograms-62810240d81cca6db2d1.js]
[www.edx.org/EmailFormModule-96f68c4f1687d65424b6.js]
[www.edx.org/masters/ucd-master-of-business-administration88c6.html]
[www.edx.org/masters/syracuse-master-of-business-administration88c6.html]
[www.edx.org/masters/online-master-data-science-utaustinx.html]
[www.edx.org/masters/denver-master-of-science-in-data-science88c6.html]
[www.edx.org/masters/master-of-science-in-applied-data-science88c6.html]
[www.edx.org/masters/online-master-science-computer-science-utaustinx.html]
[www.edx.org/masters/vanderbilt-master-of-science-in-computer-science88c6.html]
[www.edx.org/masters/syracuse-master-of-science-in-computer-science88c6.html]
[www.edx.org/masters/master-of-arts-in-counseling88c6.html]
[www.edx.org/masters/master-of-arts-in-psychology88c6.html]
[www.edx.org/masters/master-of-arts-in-counseling-for-mental-health-and-wellness88c6.html]
[www.edx.org/masters/master-of-science-in-applied-behavior-analysis88c6.html]
[www.edx.org/masters/syracuse-master-of-science-in-business-analytics88c6.html]
[www.edx.org/masters/pepperdine-master-of-science-in-business-analytics88c6.html]
[www.edx.org/masters/master-of-science-in-analytics88c6.html]
[www.edx.org/masters/master-of-science-in-marketing-analytics88c6.html]
[www.edx.org/masters/online-master-science-cybersecurity-georgia-tech.html]
[www.edx.org/masters/master-of-information-and-cybersecurity88c6.html]
[www.edx.org/masters/master-of-science-in-cybersecurity88c6.html]
[www.edx.org/doctorate/doctor-of-education-in-learning-and-organizational-change88c6.html]
[www.edx.org/doctorate/doctor-of-education-in-organizational-change-and-leadership88c6.html]
[www.edx.org/masters/master-of-arts-in-teaching88c6.html]
[www.edx.org/doctorate/doctorate-of-education88c6.html]
[www.edx.org/masters/master-of-engineering-in-engineering-management88c6.html]
[www.edx.org/masters/master-of-science-in-computer-engineering88c6.html]
[www.edx.org/masters/engineering.html]
[www.edx.org/masters/online-master-in-supply-chain-management-asux.html]
[www.edx.org/masters/online-masters-in-leadership-and-innovation-university-of-queensland.html]
[www.edx.org/masters/master-of-science-in-communications88c6.html]
[www.edx.org/masters/online-master-in-nutritional-sciences-utaustin.html]
[www.edx.org/masters/unc-master-of-public-health88c6.html]
[www.edx.org/masters/master-of-public-health-registered-dietitian88c6.html]
[www.edx.org/masters/online-master-in-it-management-indiana-university.html]
[www.edx.org/masters/master-of-science-in-library-and-information-science88c6.html]
[www.edx.org/masters/master-of-science-in-information-systems88c6.html]
[www.edx.org/masters/master-of-library-and-information-science88c6.html]
[www.edx.org/masters/wusl-master-of-legal-studies88c6.html]
[www.edx.org/masters/pepperdine-master-of-legal-studies88c6.html]
[www.edx.org/masters/american-master-of-legal-studies88c6.html]
[www.edx.org/masters/master-of-studies-in-law-in-corporate-compliance88c6.html]
[www.edx.org/masters/master-of-science-in-nursing-fnp88c6.html]
[www.edx.org/masters/georgetown-master-of-science-in-nursing88c6.html]
[www.edx.org/masters/usc-master-of-science-in-nursing88c6.html]
[www.edx.org/doctorate/doctor-of-nursing-practice88c6.html]
[www.edx.org/masters/denver-master-of-social-work88c6.html]
[www.edx.org/masters/fordham-master-of-social-work88c6.html]
[www.edx.org/masters/usc-master-of-social-work88c6.html]
[www.edx.org/masters/howard-master-of-social-work88c6.html]
[www.edx.org/masters/master-of-science-in-communication-disorders88c6.html]
[www.edx.org/masters/master-of-science-in-communicative-sciences-and-disorders88c6.html]
[www.edx.org/masters/master-of-science-in-communication-sciences-and-disorders88c6.html]
[www.edx.org/masters/speech.html]
[www.edx.org/masters/project-management.html]
[www.edx.org/masters/statistics.html]
[www.edx.org/masters/instructional-design.html]
[www.edx.org/masters/product-management.html]
[www.edx.org/masters/construction-management.html]
[www.edx.org/masters/marketing.html]
[www.edx.org/static/563d2bd9dc79196b2dae849bb56d5224/masters-in-demand-online-courses.png]
[www.edx.org/masters.html]
[www.edx.org/bachelors/bachelor-of-science-in-data-science-and-business-analytics88c6.html]
[www.edx.org/bachelors/bachelor-of-science-in-international-relations88c6.html]
[www.edx.org/bachelors/bachelor-of-science-in-accounting-and-finance88c6.html]
[www.edx.org/bachelors/bachelor-of-science-in-economics-and-finance88c6.html]
[www.edx.org/static/ee2f028abf1596b72f93df6357574054/student-graduation_5Yqkw4t.max-2880x1800.jpg]
[www.edx.org/es/bachelors]
[www.edx.org/TextModule-98adeb8ec4606a566ce7.js]
[www.edx.org/bachelors/bachelor-of-science-in-business-and-management88c6.html]
[www.edx.org/bachelors/bachelor-of-social-work88c6.html]
[www.edx.org/bachelors/rn-to-bsn--bachelor-of-science-in-nursing-for-registered-nurses-rn88c6.html]
[www.edx.org/bachelors/bachelor-of-arts-psychology88c6.html]
[www.edx.org/bachelors/bachelor-of-science-public-health88c6.html]
[www.edx.org/bachelors/health-social-services.html]
[www.edx.org/bachelors/bachelor-of-science-computer-science88c6.html]
[www.edx.org/bachelors.html]
[www.edx.org/bachelors/computer-data-sciences.html]
[prod-discovery.edx-cdn.org/media/programs/card_images/1fcffef0-468a-483f-95aa-87e2d4d2c408-ce3464e87d35.png]
[www.edx.org/es/professional-certificate/google-cloud-computing-foundations.html]
[www.edx.org/course/google-cloud-computing-foundations-infrastructure-in-google-cloud.html]
[www.edx.org/course/google-cloud-computing-foundations-networking-and-security-in-google-cloud.html]
[www.edx.org/course/google-cloud-computing-foundations-data-ml-and-ai-in-google-cloud.html]
[www.edx.org/bio/google-cloud.html]
[www.edx.org/learn/app-development.html]
[www.edx.org/learn/cybersecurity.html]
[www.edx.org/learn/information-technology.html]
[www.edx.org/learn/linux.html]
[www.edx.org/learn/web-development.html]
[www.edx.org/assets/world_map.png]
[www.edx.org/professional-certificate/google-cloud-computing-foundations.html]
[prod-discovery.edx-cdn.org/media/course/image/894bd8b1-7f01-4004-946e-b29f3a3bb282-b656f554c388.small.png]
[www.edx.org/es/course/introduction-to-blockchain.html]
[www.edx.org/course/introduction-to-blockchain.html]
[www.edx.org/professional-certificate/ibm-blockchain-essentials.html]
[prod-discovery.edx-cdn.org/media/course/image/911175d0-6724-4276-a058-c7b052773dd1-aba3108f3ab9.small.png]
[www.edx.org/course/programming-for-everybody-getting-started-with-pyt.html]
[prod-discovery.edx-cdn.org/media/course/image/fcd082c5-7eb6-4b35-909f-20b5ac723d06-e486ff7763eb.small.png]
[www.edx.org/es/course/programming-for-everybody-getting-started-with-pyt.html]
[www.edx.org/course/google-cloud-computing-foundations-cloud-computing-fundamentals.html]
[www.edx.org/es/course/google-cloud-computing-foundations-cloud-computing-fundamentals.html]
[www.edx.org/learn.html]
[www.edx.org/learn/computer-architecture.html]
[www.edx.org/professional-certificate/introduction-to-python-programming.html]
[www.edx.org/course/computing-in-python-i-fundamentals-and-procedural.html]
[www.edx.org/course/introduction-computer-science-harvardx-cs50x.html]
[www.edx.org/professional-certificate/harvardx-computer-science-for-web-programming.html]
[www.edx.org/course/fundamentals-of-c.html]
[www.edx.org/course/cs50s-introduction-to-programming-with-python.html]
[www.edx.org/course/codio-cpp-basic-skills.html]
[www.edx.org/professional-certificate/gtx-introduction-to-object-oriented-programming-with-java.html]
[www.edx.org/course/how-to-code-simple-data.html]
[www.edx.org/course/how-to-code-complex-data.html]
[www.edx.org/course/introduction-to-programming-in-c.html]
[www.edx.org/course/advanced-programming-in-c.html]
[www.edx.org/microbachelors/nyux-programming-data-structures.html]
[www.edx.org/microbachelors/nyux-computer-science-fundamentals.html]
[www.edx.org/professional-certificate/uc3mx-introduction-java-programming.html]
[www.edx.org/course/introduction-to-java-programming-starting-to-code.html]
[www.edx.org/course/computing-in-python-ii-control-structures.html]
[www.edx.org/course/computing-in-python-iii-data-structures.html]
[www.edx.org/course/computing-in-python-iv-objects-algorithms.html]
[www.edx.org/course/scripting-and-programming-foundations.html]
[www.edx.org/learn/computer-programming.html]
[www.edx.org/about-us.html]
[www.edx.org/learn/azure.html]
[www.edx.org/learn/blockchain.html]
[www.edx.org/learn/c-programming.html]
[www.edx.org/learn/devops.html]
[www.edx.org/learn/django.html]
[www.edx.org/learn/full-stack-development.html]
[www.edx.org/course/programming-for-data-science.html]
[www.edx.org/learn/html.html]
[www.edx.org/learn/java.html]
[www.edx.org/learn/javascript.html]
[www.edx.org/learn/python.html]
[www.edx.org/learn/language.html]
[www.edx.org/learn/mandarin-chinese.html]
[www.edx.org/learn/english.html]
[www.edx.org/learn/esl-english-as-a-second-language.html]
[www.edx.org/learn/grammar.html]
[www.edx.org/learn/italian.html]
[www.edx.org/learn/japanese.html]
[www.edx.org/learn/sign-language.html]
[www.edx.org/learn/spanish.html]
[www.edx.org/learn/writing.html]
[www.edx.org/learn/data-analysis.html]
[www.edx.org/learn/artificial-intelligence.html]
[www.edx.org/learn/big-data.html]
[www.edx.org/learn/cloud-computing.html]
[www.edx.org/learn/data-mining.html]
[www.edx.org/learn/machine-learning.html]
[www.edx.org/learn/power-bi.html]
[www.edx.org/learn/quantum-computing.html]
[www.edx.org/learn/business-administration.html]
[www.edx.org/learn/business-analysis.html]
[www.edx.org/learn/corporate-finance.html]
[www.edx.org/learn/economics.html]
[www.edx.org/learn/entrepreneurship.html]
[www.edx.org/learn/finance.html]
[www.edx.org/learn/financial-literacy.html]
[www.edx.org/learn/leadership.html]
[www.edx.org/learn/project-management.html]
[www.edx.org/learn/statistics.html]
[www.edx.org/learn/engineering.html]
[www.edx.org/learn/aerospace-engineering.html]
[www.edx.org/learn/biomedical-engineering.html]
[www.edx.org/learn/chemical-engineering.html]
[www.edx.org/learn/civil-engineering.html]
[www.edx.org/learn/computer-engineering.html]
[www.edx.org/learn/electrical-engineering.html]
[www.edx.org/learn/industrial-engineering.html]
[www.edx.org/learn/mechanical-engineering.html]
[www.edx.org/learn/software-engineering.html]
[www.edx.org/learn/structural-engineering.html]
[www.edx.org/learn/humanities.html]
[www.edx.org/learn/art.html]
[www.edx.org/learn/child-development.html]
[www.edx.org/learn/epidemics.html]
[www.edx.org/learn/fashion.html]
[www.edx.org/learn/history.html]
[www.edx.org/learn/human-anatomy.html]
[www.edx.org/learn/literature.html]
[www.edx.org/learn/psychology.html]
[www.edx.org/learn/public-speaking.html]
[www.edx.org/learn/shakespeare.html]
[www.edx.org/images/logos/edx-logo-registered-elm.svg]
[www.edx.org/affiliate-program.html]
[www.edx.org/careers.html]
[www.edx.org/policy/security.html]
[www.edx.org/media-kit.html]
[www.edx.org/edx-terms-service.html]
[www.edx.org/edx-privacy-policy.html]
[www.edx.org/accessibility.html]
[www.edx.org/trademarks.html]
[www.edx.org/modern-slavery-statement.html]
[www.edx.org/sitemap.html]
[www.edx.org/images/logos/apple-store-badge-en.svg]
[www.edx.org/es/search/index8c55.html]
[www.edx.org/es/search.html]
[www.edx.org/es/search/indexd278.html]
[www.edx.org/es/schools-partners.html]
[www.edx.org/es/search8c55.html]
[www.edx.org/es/course/analisis-estadistico-con-excel.html]
[www.edx.org/es/course/visualizacion-de-datos-y-storytelling.html]
[www.edx.org/es/course/Introduccion-a-la-ciencia-de-datos-y-sus-aplicaciones.html]
[www.edx.org/es/course/ciencia-de-datos-aplicada-al-marketing.html]
[www.edx.org/es/aprende/analisis-de-datos.html]
[www.edx.org/es/about-us.html]
[www.edx.org/es/aprende/programacion-informatica.html]
[www.edx.org/es/aprende/ciberseguridad.html]
[www.edx.org/es/aprende/desarrollo-de-aplicaciones.html]
[www.edx.org/es/aprende/desarrollo-de-software.html]
[www.edx.org/es/aprende/microsoft-excel.html]
[www.edx.org/es/aprende/programacion-en-java.html]
[www.edx.org/es/aprende/lenguaje-javascript.html]
[www.edx.org/es/aprende/programacion-en-c.html]
[www.edx.org/es/aprende/programacion-r.html]
[www.edx.org/es/aprende/programacion-python.html]
[www.edx.org/es/aprende/tecnologia-de-la-informacion.html]
[www.edx.org/es/aprende/idiomas.html]
[www.edx.org/es/aprende/chino.html]
[www.edx.org/es/aprende/escritura.html]
[www.edx.org/es/aprende/cursos-de-espanol.html]
[www.edx.org/es/aprende/frances.html]
[www.edx.org/es/aprende/ingles.html]
[www.edx.org/es/aprende/ingles-de-negocios.html]
[www.edx.org/es/aprende/italiano.html]
[www.edx.org/es/aprende/japones.html]
[www.edx.org/es/aprende/mandarin.html]
[www.edx.org/es/aprende/toefl.html]
[www.edx.org/es/aprende/ciencia-de-datos.html]
[www.edx.org/es/aprende/aprendizaje-automatico.html]
[www.edx.org/es/aprende/big-data.html]
[www.edx.org/es/aprende/la-cloud-computing.html]
[www.edx.org/es/aprende/mineria-de-datos.html]
[www.edx.org/es/aprende/inteligencia-artificial.html]
[www.edx.org/es/aprende/microsoft-power-bi.html]
[www.edx.org/es/aprende/administracion-de-empresas.html]
[www.edx.org/es/aprende/economia.html]
[www.edx.org/es/aprende/emprendimiento.html]
[www.edx.org/es/aprende/finanzas.html]
[www.edx.org/es/aprende/gestion-de-proyectos.html]
[www.edx.org/es/aprende/habilidades-blandas.html]
[www.edx.org/es/aprende/liderazgo.html]
[www.edx.org/es/aprende/marketing-y-redes-sociales.html]
[www.edx.org/es/aprende/negocios-internacionales.html]
[www.edx.org/es/aprende/ventas.html]
[www.edx.org/es/aprende/ingenieria.html]
[www.edx.org/es/aprende/el-design-thinking.html]
[www.edx.org/es/aprende/energia-y-la-smart-grid.html]
[www.edx.org/es/aprende/ingenieria-civil.html]
[www.edx.org/es/aprende/ingenieria-electrica.html]
[www.edx.org/es/aprende/ingenieria-genetica.html]
[www.edx.org/es/aprende/ingenieria-industrial.html]
[www.edx.org/es/aprende/ingenieria-en-sistemas.html]
[www.edx.org/es/aprende/ingenieria-de-software.html]
[www.edx.org/es/aprende/logistica.html]
[www.edx.org/es/aprende/matematicas.html]
[www.edx.org/es/aprende/humanidades.html]
[www.edx.org/es/aprende/anatomia.html]
[www.edx.org/es/aprende/arquitectura.html]
[www.edx.org/es/aprende/arte.html]
[www.edx.org/es/aprende/comunicacion.html]
[www.edx.org/es/aprende/epidemia.html]
[www.edx.org/es/aprende/felicidad.html]
[www.edx.org/es/aprende/historia.html]
[www.edx.org/es/aprende/literatura.html]
[www.edx.org/es/aprende/el-mindfulness.html]
[www.edx.org/es/aprende/psicologia.html]
[www.edx.org/es/affiliate-program.html]
[www.edx.org/es/careers.html]
[www.edx.org/es/policy/security.html]
[www.edx.org/es/media-kit.html]
[www.edx.org/es/edx-terms-service.html]
[www.edx.org/es/edx-privacy-policy.html]
[www.edx.org/es/accessibility.html]
[www.edx.org/es/sitemap.html]
[www.edx.org/images/logos/apple-store-badge-es.svg]
[www.edx.org/index9921.html]
[www.edx.org/index748d.html]
[www.edx.org/school/mitx.html]
[www.edx.org/school/harvardx.html]
[www.edx.org/school/uc-berkeleyx.html]
[www.edx.org/school/utsystemx.html]
[www.edx.org/school/anux.html]
[www.edx.org/school/bux.html]
[www.edx.org/school/curtinx.html]
[www.edx.org/school/delftx.html]
[www.edx.org/school/georgetownx.html]
[www.edx.org/school/rwthx.html]
[www.edx.org/school/sorbonnex.html]
[www.edx.org/school/hkpolyux.html]
[www.edx.org/school/uqx.html]
[www.edx.org/school/adelaidex.html]
[www.edx.org/school/ubcx.html]
[www.edx.org/school/usmx.html]
[www.edx.org/school/asux.html]
[www.edx.org/school/berkleex.html]
[www.edx.org/school/brownx.html]
[www.edx.org/school/caltechx.html]
[www.edx.org/school/columbiax.html]
[www.edx.org/school/cornellx.html]
[www.edx.org/school/dartmouthx.html]
[www.edx.org/school/davidsonx.html]
[www.edx.org/school/epflx.html]
[www.edx.org/school/ethx.html]
[www.edx.org/school/iitbombayx.html]
[www.edx.org/school/imperialx.html]
[www.edx.org/school/kuleuvenx.html]
[www.edx.org/school/kyotoux.html]
[www.edx.org/school/mcgillx.html]
[www.edx.org/school/pekingx.html]
[www.edx.org/school/princetonx.html]
[www.edx.org/school/ricex.html]
[www.edx.org/school/snux.html]
[www.edx.org/school/stanfordonline.html]
[www.edx.org/school/tumx.html]
[www.edx.org/school/gtx.html]
[www.edx.org/school/hkustx.html]
[www.edx.org/school/nus.html]
[www.edx.org/school/uc-san-diegox.html]
[www.edx.org/school/edinburghx.html]
[www.edx.org/school/uicelandx.html]
[www.edx.org/school/michiganx.html]
[www.edx.org/school/utokyox.html]
[www.edx.org/school/tsinghuax.html]
[www.edx.org/school/upvalenciax.html]
[www.edx.org/school/louvainx.html]
[www.edx.org/school/alaskax.html]
[www.edx.org/school/universityofcambridge.html]
[www.edx.org/school/uchicagox.html]
[www.edx.org/school/hkux.html]
[www.edx.org/school/notredamex.html]
[www.edx.org/school/oxfordx.html]
[www.edx.org/school/pennx.html]
[www.edx.org/school/university-torontox.html]
[www.edx.org/school/uwashingtonx.html]
[www.edx.org/school/wellesleyx.html]
[www.edx.org/school/acca.html]
[www.edx.org/school/armeducation.html]
[www.edx.org/school/chalmersx.html]
[www.edx.org/school/colgatex.html]
[www.edx.org/school/doanex.html]
[www.edx.org/school/etsx.html]
[www.edx.org/school/hbkux.html]
[www.edx.org/school/hamiltonx.html]
[www.edx.org/school/imtx.html]
[www.edx.org/school/idbx.html]
[www.edx.org/school/irtix.html]
[www.edx.org/school/israelx.html]
[www.edx.org/school/kaust.html]
[www.edx.org/school/mandarinx.html]
[www.edx.org/school/nyux.html]
[www.edx.org/school/oecx.html]
[www.edx.org/school/osakaux.html]
[www.edx.org/school/ritx.html]
[www.edx.org/school/snhux.html]
[www.edx.org/school/tenarisuniversity.html]
[www.edx.org/school/imfx.html]
[www.edx.org/school/linuxfoundationx.html]
[www.edx.org/school/smithsonianx.html]
[www.edx.org/school/newcastlex.html]
[www.edx.org/school/tokyotechx.html]
[www.edx.org/school/uaeux.html]
[www.edx.org/school/uamx.html]
[www.edx.org/school/urosariox.html]
[www.edx.org/school/galileox.html]
[www.edx.org/school/uncordobax.html]
[www.edx.org/school/federicax.html]
[www.edx.org/school/wellingtonx.html]
[www.edx.org/school/wageningenx.html]
[www.edx.org/school/wasedax.html]
[www.edx.org/school/wbgx.html]
[www.edx.org/school/zhawx.html]
[www.edx.org/school/afghanx.html]
[www.edx.org/school/aws.html]
[www.edx.org/school/babsonx.html]
[www.edx.org/school/barbaraoakley_olavschewe.html]
[www.edx.org/school/catalystx.html]
[www.edx.org/school/checkpoint.html]
[www.edx.org/school/codio.html]
[www.edx.org/school/solidworks.html]
[www.edx.org/school/draperx.html]
[www.edx.org/school/emergn.html]
[www.edx.org/school/fullbridgex.html]
[www.edx.org/school/google.html]
[www.edx.org/school/googlecloud.html]
[www.edx.org/school/tugrazx.html]
[www.edx.org/school/harveymuddx.html]
[www.edx.org/school/hec-montrealx.html]
[www.edx.org/school/ibm.html]
[www.edx.org/school/iimbx.html]
[www.edx.org/school/iux.html]
[www.edx.org/school/iscea.html]
[www.edx.org/school/jesuscollege.html]
[www.edx.org/school/juranx.html]
[www.edx.org/school/lasallex.html]
[www.edx.org/school/lvx.html]
[www.edx.org/school/logycax.html]
[www.edx.org/school/mathworks.html]
[www.edx.org/school/meta.html]
[www.edx.org/school/microsoft.html]
[www.edx.org/school/new-york-institute-finance.html]
[www.edx.org/school/javerianax.html]
[www.edx.org/school/purduex.html]
[www.edx.org/school/qux.html]
[www.edx.org/school/queensx.html]
[www.edx.org/school/red-hat.html]
[www.edx.org/school/sdgacademyx.html]
[www.edx.org/school/smithx.html]
[www.edx.org/school/state-bank-of-india.html]
[www.edx.org/school/statisticscomx.html]
[www.edx.org/school/stellenboschx.html]
[www.edx.org/school/tecnologico-de-monterrey.html]
[www.edx.org/school/lse.html]
[www.edx.org/school/wisconsinx.html]
[www.edx.org/school/w3cx.html]
[www.edx.org/school/tesu.html]
[www.edx.org/school/trinityx.html]
[www.edx.org/school/uc3mx.html]
[www.edx.org/school/anahuacx.html]
[www.edx.org/school/umontrealx.html]
[www.edx.org/school/um6px.html]
[www.edx.org/school/bayreuthx.html]
[www.edx.org/school/ucx.html]
[www.edx.org/school/umbc.html]
[www.edx.org/school/web3x.html]
[www.edx.org/school/wgux.html]
[www.edx.org/friends-edx.html]
[www.edx.org/es/executive-education.html]
[www.edx.org/course/artificial-intelligence-implications-for-business-strategy3493.html]
[www.edx.org/course/oxford-artificial-intelligence-programme3493.html]
[www.edx.org/course/machine-learning-in-business3493.html]
[www.edx.org/course/automation-implementation-in-business3493.html]
[www.edx.org/course/mba-essentials3493.html]
[www.edx.org/course/digital-business-strategy-harnessing-our-digital-future3493.html]
[www.edx.org/course/oxford-executive-strategy-programme3493.html]
[www.edx.org/course/accelerated-management-program3493.html]
[www.edx.org/course/digital-marketing-analytics3493.html]
[www.edx.org/course/data-analysis-for-management3493.html]
[www.edx.org/course/machine-learning-practical-applications3493.html]
[www.edx.org/course/data-analysis3493.html]
[www.edx.org/course/higher-education-teaching-certificate3493.html]
[www.edx.org/course/teaching-with-technology3493.html]
[www.edx.org/course/instructional-design3493.html]
[www.edx.org/course/teaching-certificate-the-science-of-social-and-emotional-learning3493.html]
[www.edx.org/course/real-estate-economics-and-finance-online-certificate-course3493.html]
[www.edx.org/course/commercial-real-estate-analysis-and-investment3493.html]
[www.edx.org/course/managerial-finance3493.html]
[www.edx.org/course/oxford-private-markets-investments-programme3493.html]
[www.edx.org/course/fintech-and-the-future-of-finance-blockchain-cryptocurrencies-govcoins-and-the-payments-revolution3493.html]
[www.edx.org/course/blockchain-technologies-business-innovation-and-application3493.html]
[www.edx.org/course/fintech3493.html]
[www.edx.org/course/fintech-disruption-in-finance3493.html]
[www.edx.org/course/nutrition-science3493.html]
[www.edx.org/course/artificial-intelligence-in-health-care3493.html]
[www.edx.org/course/healthcare-management-23493.html]
[www.edx.org/course/health-economics-and-policy3493.html]
[www.edx.org/course/executive-and-management-coaching3493.html]
[www.edx.org/course/human-resource-management3493.html]
[www.edx.org/course/training-and-development-management3493.html]
[www.edx.org/course/digital-transformation-in-hr3493.html]
[www.edx.org/course/cybersecurity-managing-risk-in-the-information-age3493.html]
[www.edx.org/course/cybersecurity-for-managers3493.html]
[www.edx.org/course/it-management3493.html]
[www.edx.org/course/cybersecurity-leadership3493.html]
[www.edx.org/course/oxford-executive-leadership-programme3493.html]
[www.edx.org/course/leadership-in-an-exponentially-changing-world3493.html]
[www.edx.org/course/neuroscience-for-business3493.html]
[www.edx.org/course/oxford-womens-leadership-development-programme3493.html]
[www.edx.org/course/social-media-strategy-creating-engagement-insight-and-action3493.html]
[www.edx.org/course/professional-communication-business-writing-and-storytelling3493.html]
[www.edx.org/course/business-development-management3493.html]
[www.edx.org/course/sales-management3493.html]
[www.edx.org/course/business-international-relations-and-the-political3493.html]
[www.edx.org/course/data-law-policy-and-regulation3493.html]
[www.edx.org/course/the-new-global-order-how-politics-business-and-technology-are-changing3493.html]
[www.edx.org/course/regulation-strategy3493.html]
[www.edx.org/course/oxford-leading-strategic-projects-programme3493.html]
[www.edx.org/course/project-management-foundations3493.html]
[www.edx.org/course/digital-transformation-in-operations3493.html]
[www.edx.org/course/advanced-project-management3493.html]
[www.edx.org/course/business-sustainability-management3493.html]
[www.edx.org/course/sustainable-finance-33493.html]
[www.edx.org/course/oxford-leading-sustainable-corporations-programme3493.html]
[www.edx.org/course/corporate-sustainability-management-risk-profit-and-purpose3493.html]
[www.edx.org/es/masters/online-masters-in-public-health-boston-university.html]
[www.edx.org/masters/online-masters-in-public-health-boston-university.html]
[www.edx.org/es/masters/online-master-business-administration-mba-bux.html]
[www.edx.org/masters/online-master-business-administration-mba-bux.html]
[www.edx.org/es/masters/online-masters-in-product-management-umd.html]
[www.edx.org/masters/online-masters-in-product-management-umd.html]
[www.edx.org/es/masters.html]
[www.edx.org/masters/ucd-master-of-business-administration88c6.html]
[www.edx.org/masters/syracuse-master-of-business-administration88c6.html]
[www.edx.org/masters/online-master-data-science-utaustinx.html]
[www.edx.org/masters/denver-master-of-science-in-data-science88c6.html]
[www.edx.org/masters/master-of-science-in-applied-data-science88c6.html]
[www.edx.org/masters/online-master-science-computer-science-utaustinx.html]
[www.edx.org/masters/vanderbilt-master-of-science-in-computer-science88c6.html]
[www.edx.org/masters/syracuse-master-of-science-in-computer-science88c6.html]
[www.edx.org/masters/master-of-arts-in-counseling88c6.html]
[www.edx.org/masters/master-of-arts-in-psychology88c6.html]
[www.edx.org/masters/master-of-arts-in-counseling-for-mental-health-and-wellness88c6.html]
[www.edx.org/masters/master-of-science-in-applied-behavior-analysis88c6.html]
[www.edx.org/masters/syracuse-master-of-science-in-business-analytics88c6.html]
[www.edx.org/masters/pepperdine-master-of-science-in-business-analytics88c6.html]
[www.edx.org/masters/master-of-science-in-analytics88c6.html]
[www.edx.org/masters/master-of-science-in-marketing-analytics88c6.html]
[www.edx.org/masters/online-master-science-cybersecurity-georgia-tech.html]
[www.edx.org/masters/master-of-information-and-cybersecurity88c6.html]
[www.edx.org/masters/master-of-science-in-cybersecurity88c6.html]
[www.edx.org/doctorate/doctor-of-education-in-learning-and-organizational-change88c6.html]
[www.edx.org/doctorate/doctor-of-education-in-organizational-change-and-leadership88c6.html]
[www.edx.org/masters/master-of-arts-in-teaching88c6.html]
[www.edx.org/doctorate/doctorate-of-education88c6.html]
[www.edx.org/masters/master-of-engineering-in-engineering-management88c6.html]
[www.edx.org/masters/master-of-science-in-computer-engineering88c6.html]
[www.edx.org/masters/engineering.html]
[www.edx.org/masters/online-master-in-supply-chain-management-asux.html]
[www.edx.org/masters/online-masters-in-leadership-and-innovation-university-of-queensland.html]
[www.edx.org/masters/master-of-science-in-communications88c6.html]
[www.edx.org/masters/online-master-in-nutritional-sciences-utaustin.html]
[www.edx.org/masters/unc-master-of-public-health88c6.html]
[www.edx.org/masters/master-of-public-health-registered-dietitian88c6.html]
[www.edx.org/masters/online-master-in-it-management-indiana-university.html]
[www.edx.org/masters/master-of-science-in-library-and-information-science88c6.html]
[www.edx.org/masters/master-of-science-in-information-systems88c6.html]
[www.edx.org/masters/master-of-library-and-information-science88c6.html]
[www.edx.org/masters/wusl-master-of-legal-studies88c6.html]
[www.edx.org/masters/pepperdine-master-of-legal-studies88c6.html]
[www.edx.org/masters/american-master-of-legal-studies88c6.html]
[www.edx.org/masters/master-of-studies-in-law-in-corporate-compliance88c6.html]
[www.edx.org/masters/master-of-science-in-nursing-fnp88c6.html]
[www.edx.org/masters/georgetown-master-of-science-in-nursing88c6.html]
[www.edx.org/masters/usc-master-of-science-in-nursing88c6.html]
[www.edx.org/doctorate/doctor-of-nursing-practice88c6.html]
[www.edx.org/masters/denver-master-of-social-work88c6.html]
[www.edx.org/masters/fordham-master-of-social-work88c6.html]
[www.edx.org/masters/usc-master-of-social-work88c6.html]
[www.edx.org/masters/howard-master-of-social-work88c6.html]
[www.edx.org/masters/master-of-science-in-communication-disorders88c6.html]
[www.edx.org/masters/master-of-science-in-communicative-sciences-and-disorders88c6.html]
[www.edx.org/masters/master-of-science-in-communication-sciences-and-disorders88c6.html]
[www.edx.org/masters/speech.html]
[www.edx.org/masters/project-management.html]
[www.edx.org/masters/statistics.html]
[www.edx.org/masters/instructional-design.html]
[www.edx.org/masters/product-management.html]
[www.edx.org/masters/construction-management.html]
[www.edx.org/masters/marketing.html]
[www.edx.org/es/bachelors.html]
[www.edx.org/bachelors/bachelor-of-science-in-business-and-management88c6.html]
[www.edx.org/bachelors/bachelor-of-social-work88c6.html]
[www.edx.org/bachelors/rn-to-bsn--bachelor-of-science-in-nursing-for-registered-nurses-rn88c6.html]
[www.edx.org/bachelors/bachelor-of-arts-psychology88c6.html]
[www.edx.org/bachelors/bachelor-of-science-public-health88c6.html]
[www.edx.org/bachelors/health-social-services.html]
[www.edx.org/bachelors/bachelor-of-science-computer-science88c6.html]
[www.edx.org/bachelors/computer-data-sciences.html]
[www.edx.org/es/professional-certificate/google-cloud-computing-foundations.html]
[www.edx.org/course/google-cloud-computing-foundations-infrastructure-in-google-cloud.html]
[www.edx.org/course/google-cloud-computing-foundations-networking-and-security-in-google-cloud.html]
[www.edx.org/course/google-cloud-computing-foundations-data-ml-and-ai-in-google-cloud.html]
[www.edx.org/bio/google-cloud.html]
[www.edx.org/learn/app-development.html]
[www.edx.org/learn/cybersecurity.html]
[www.edx.org/learn/information-technology.html]
[www.edx.org/learn/linux.html]
[www.edx.org/learn/web-development.html]
[www.edx.org/es/course/introduction-to-blockchain.html]
[www.edx.org/professional-certificate/ibm-blockchain-essentials.html]
[www.edx.org/es/course/programming-for-everybody-getting-started-with-pyt.html]
[www.edx.org/es/course/google-cloud-computing-foundations-cloud-computing-fundamentals.html]
[www.edx.org/learn.html]
[www.edx.org/learn/computer-architecture.html]
[www.edx.org/professional-certificate/introduction-to-python-programming.html]
[www.edx.org/course/computing-in-python-i-fundamentals-and-procedural.html]
[www.edx.org/course/introduction-computer-science-harvardx-cs50x.html]
[www.edx.org/professional-certificate/harvardx-computer-science-for-web-programming.html]
[www.edx.org/course/fundamentals-of-c.html]
[www.edx.org/course/cs50s-introduction-to-programming-with-python.html]
[www.edx.org/course/codio-cpp-basic-skills.html]
[www.edx.org/professional-certificate/gtx-introduction-to-object-oriented-programming-with-java.html]
[www.edx.org/course/how-to-code-simple-data.html]
[www.edx.org/course/how-to-code-complex-data.html]
[www.edx.org/course/introduction-to-programming-in-c.html]
[www.edx.org/course/advanced-programming-in-c.html]
[www.edx.org/microbachelors/nyux-programming-data-structures.html]
[www.edx.org/microbachelors/nyux-computer-science-fundamentals.html]
[www.edx.org/professional-certificate/uc3mx-introduction-java-programming.html]
[www.edx.org/course/introduction-to-java-programming-starting-to-code.html]
[www.edx.org/course/computing-in-python-ii-control-structures.html]
[www.edx.org/course/computing-in-python-iii-data-structures.html]
[www.edx.org/course/computing-in-python-iv-objects-algorithms.html]
[www.edx.org/course/scripting-and-programming-foundations.html]
[www.edx.org/course/programming-for-data-science.html]
